xx
#region solution
yy                
#endregion
zz